<html>
<body>
<pre>
<h1>µVision Build Log</h1>
<h2>Project:</h2>
C:\Users\logan\Documents\445L\Sample Projects\ValvanoWareTM4C123\Lab2\Lab2.uvproj
Project File Date:  09/13/2018

<h2>Output:</h2>
Rebuild target 'Lab2'
assembling startup.s...
compiling ADCSWTrigger.c...
compiling ADCTestMain.c...
compiling PLL.c...
compiling Timer1.c...
compiling fixed.c...
compiling ST7735.c...
linking...
Program Size: Code=7292 RO-data=2068 RW-data=52 ZI-data=9124  
".\Lab2.axf" - 0 Error(s), 0 Warning(s).
ot be used to initialize an entity of type "uint32_t"
        uint32_t data_copy[1000] = data;
ADCTestMain.c: 1 warning, 1 error
compiling PLL.c...
compiling Timer1.c...
compiling fixed.c...
compiling ST7735.c...
".\Lab2.axf" - 1 Error(s), 1 Warning(s).
Target not created
e output files for target 'Lab2'
