<html>
<body>
<pre>
<h1>µVision Build Log</h1>
<h2>Project:</h2>
C:\Users\logan\Documents\445L\Sample Projects\ValvanoWareTM4C123\Lab2\Lab2.uvproj
Project File Date:  09/13/2018

<h2>Output:</h2>
Rebuild target 'Lab2'
assembling startup.s...
compiling ADCSWTrigger.c...
compiling ADCTestMain.c...
compiling PLL.c...
compiling Timer1.c...
compiling fixed.c...
compiling ST7735.c...
linking...
Program Size: Code=5168 RO-data=2068 RW-data=60 ZI-data=9124  
".\Lab2.axf" - 0 Error(s), 0 Warning(s).
Load "C:\\Users\\logan\\Documents\\445L\\Sample Projects\\ValvanoWareTM4C123\\Lab2\\Lab2.axf" 
Connecting: Mode=JTAG, Speed=1000000Hz
Erase Done.
Programming Done.
Verify OK.
ter previous syntax error
ADCTestMain.c: 2 warnings, 2 errors
compiling PLL.c...
compiling Timer1.c...
compiling fixed.c...
compiling ST7735.c...
".\Lab2.axf" - 2 Error(s), 2 Warning(s).
Target not created
